// Jest Snapshot v1, https://goo.gl/fbAQLP

exports[`<Avatar /> should be able to render correctly 1`] = `
.c0 {
  width: 100%;
  max-width: 12.5rem;
  border-radius: 50%;
}

@media (min-width:480px) {
  .c0 {
    max-width: 18.875rem;
  }
}

@media (min-width:768px) {
  .c0 {
    max-width: 23.75rem;
  }
}

<img
  class="c0"
/>
`;
